// Jest Snapshot v1, https://goo.gl/fbAQLP

exports[`<Post /> should match snapshot 1`] = `undefined`;
